// Jest Snapshot v1, https://goo.gl/fbAQLP

exports[`BrewList component renders the UI as expected 1`] = `
<section
  className="cbt-brew-list__container"
>
  <ul
    className="cbt-brew_list"
  />
  <div
    className="footer"
  >
    <footer
      className="footer"
    >
      <div
        className="footer__brand-container"
      >
        <span
          role="img"
        >
          Made with 
          <span
            aria-label="heart-emoji"
            role="img"
          >
            ❤️
          </span>
           by 
          <a
            href="https://oliviadavis593.github.io/portfolio/"
            rel="noopener noreferrer"
            target="_blank"
          >
            Olivia Davis
          </a>
        </span>
      </div>
      <div
        className="copyright-text"
      >
        <p>
          Copyright © 2020
          <br />
          All Rights Reserved
        </p>
      </div>
    </footer>
  </div>
</section>
`;
